// Jest Snapshot v1, https://goo.gl/fbAQLP

exports[`Footer Footer should render 1`] = `
<div
  className="footer ant-layout-footer"
>
  Foodie Â© 2018 Created by Foodie Team
</div>
`;
